Experiment configuration: {'experiment_name': 'universal_geometry_phase_diagram', 'use_wandb': False, 'device': 'cuda', 'seed': 42, 'architecture': 'mlp', 'depth': 4, 'input_dim': 784, 'batch_size': 128, 'num_workers': 4, 'dataset': 'mnist', 'run_phase_diagram': True, 'run_scaling_laws': False, 'run_cross_dataset': False, 'phase_diagram': {'widths': [32, 64, 128, 256, 512], 'learning_rates': [0.0001, 0.001, 0.01, 0.1], 'init_scales': [0.1, 1.0, 10.0], 'epochs': 50}}
Starting comprehensive experiment pipeline...
Starting phase diagram experiment...
Computing NTK for 20 samples...
Computing NTK for 20 samples...
Step None: {'ntk_stability': 0.9853555009940227, 'agop_magnitude': 7.709519259435963e-09, 'alignment': 0.0018822299381200639, 'ntk_condition_final': 2801.2124, 'width': 32, 'learning_rate': 0.0001, 'init_scale': 0.1}
Computing NTK for 20 samples...
Computing NTK for 20 samples...
Step None: {'ntk_stability': 0.9649505446375694, 'agop_magnitude': 1.0858390570689354e-08, 'alignment': 0.008997203833940957, 'ntk_condition_final': 273.82187, 'width': 32, 'learning_rate': 0.0001, 'init_scale': 1.0}
Computing NTK for 20 samples...
Computing NTK for 20 samples...
Step None: {'ntk_stability': 0.5944988746319242, 'agop_magnitude': 0.00026943676931932717, 'alignment': 0.009093337899280919, 'ntk_condition_final': 1716682600000000.0, 'width': 32, 'learning_rate': 0.0001, 'init_scale': 10.0}
Computing NTK for 20 samples...
Computing NTK for 20 samples...
Step None: {'ntk_stability': 0.9859060620098989, 'agop_magnitude': 1.684159160220132e-08, 'alignment': 0.00551595078367326, 'ntk_condition_final': 2978.8848, 'width': 32, 'learning_rate': 0.001, 'init_scale': 0.1}
Computing NTK for 20 samples...
Computing NTK for 20 samples...
Step None: {'ntk_stability': 0.9916459055640529, 'agop_magnitude': 1.359725071381489e-08, 'alignment': 0.012363167117453285, 'ntk_condition_final': 201.95848, 'width': 32, 'learning_rate': 0.001, 'init_scale': 1.0}
Computing NTK for 20 samples...
Computing NTK for 20 samples...
Step None: {'ntk_stability': 0.8253175902147202, 'agop_magnitude': 6.943495321991123e-06, 'alignment': 0.006990415388524222, 'ntk_condition_final': 1606410200000000.0, 'width': 32, 'learning_rate': 0.001, 'init_scale': 10.0}
Computing NTK for 20 samples...
Computing NTK for 20 samples...
Step None: {'ntk_stability': 0.8856038500735033, 'agop_magnitude': 4.010279335986427e-08, 'alignment': nan, 'ntk_condition_final': 2613.396, 'width': 32, 'learning_rate': 0.01, 'init_scale': 0.1}
Computing NTK for 20 samples...
Computing NTK for 20 samples...
Step None: {'ntk_stability': 0.9507758600491549, 'agop_magnitude': 6.134424582526763e-09, 'alignment': 0.008859802891189853, 'ntk_condition_final': 276.6892, 'width': 32, 'learning_rate': 0.01, 'init_scale': 1.0}
Computing NTK for 20 samples...
Computing NTK for 20 samples...
Step None: {'ntk_stability': 0.7228274475193526, 'agop_magnitude': 3.319467228834583e-06, 'alignment': 0.007783567302895891, 'ntk_condition_final': 1.7223887e+18, 'width': 32, 'learning_rate': 0.01, 'init_scale': 10.0}
Computing NTK for 20 samples...
Computing NTK for 20 samples...
Step None: {'ntk_stability': 0.762231558161194, 'agop_magnitude': -1.5461410092770105e-14, 'alignment': nan, 'ntk_condition_final': 163269250.0, 'width': 32, 'learning_rate': 0.1, 'init_scale': 0.1}
Computing NTK for 20 samples...
Computing NTK for 20 samples...
Step None: {'ntk_stability': 0.7623174882658588, 'agop_magnitude': 4.547473576627277e-15, 'alignment': nan, 'ntk_condition_final': 163269250.0, 'width': 32, 'learning_rate': 0.1, 'init_scale': 1.0}
Computing NTK for 20 samples...
Computing NTK for 20 samples...
Step None: {'ntk_stability': 0.8241367086390995, 'agop_magnitude': -3.001332635112902e-14, 'alignment': nan, 'ntk_condition_final': 163269250.0, 'width': 32, 'learning_rate': 0.1, 'init_scale': 10.0}
Computing NTK for 20 samples...
Computing NTK for 20 samples...
Step None: {'ntk_stability': 0.9775665928679624, 'agop_magnitude': 1.8423682943694486e-09, 'alignment': 0.002428625632698337, 'ntk_condition_final': 1941.1334, 'width': 64, 'learning_rate': 0.0001, 'init_scale': 0.1}
Computing NTK for 20 samples...
Computing NTK for 20 samples...
Step None: {'ntk_stability': 0.9971518711443779, 'agop_magnitude': 2.613596707945442e-09, 'alignment': 0.01259635409547223, 'ntk_condition_final': 220.94553, 'width': 64, 'learning_rate': 0.0001, 'init_scale': 1.0}
Computing NTK for 20 samples...
Computing NTK for 20 samples...
Step None: {'ntk_stability': 0.9990256142904151, 'agop_magnitude': 0.002009713699629856, 'alignment': 0.01803388601789872, 'ntk_condition_final': 73.729095, 'width': 64, 'learning_rate': 0.0001, 'init_scale': 10.0}
Computing NTK for 20 samples...
Computing NTK for 20 samples...
Step None: {'ntk_stability': 0.9142335242165527, 'agop_magnitude': 1.3508691850461137e-08, 'alignment': 0.010838621502949132, 'ntk_condition_final': 164.59654, 'width': 64, 'learning_rate': 0.001, 'init_scale': 0.1}
Computing NTK for 20 samples...
Computing NTK for 20 samples...
Step None: {'ntk_stability': 0.9962690049703257, 'agop_magnitude': 5.404861399327391e-09, 'alignment': 0.014761899390982257, 'ntk_condition_final': 99.30631, 'width': 64, 'learning_rate': 0.001, 'init_scale': 1.0}
Computing NTK for 20 samples...
Computing NTK for 20 samples...
Step None: {'ntk_stability': 0.8673834893764377, 'agop_magnitude': 0.001419757222176145, 'alignment': 0.016879418399184942, 'ntk_condition_final': 11.824642, 'width': 64, 'learning_rate': 0.001, 'init_scale': 10.0}
Computing NTK for 20 samples...
Computing NTK for 20 samples...
Step None: {'ntk_stability': 0.9320461545012277, 'agop_magnitude': 3.5740484261026156e-09, 'alignment': 0.004295448533311073, 'ntk_condition_final': 671.5365, 'width': 64, 'learning_rate': 0.01, 'init_scale': 0.1}
Computing NTK for 20 samples...
Computing NTK for 20 samples...
Step None: {'ntk_stability': 0.8233527618172006, 'agop_magnitude': 2.9386453404004195e-10, 'alignment': 0.011727413964561291, 'ntk_condition_final': 89.619064, 'width': 64, 'learning_rate': 0.01, 'init_scale': 1.0}
Computing NTK for 20 samples...
Computing NTK for 20 samples...
Step None: {'ntk_stability': 0.6498917123483309, 'agop_magnitude': 2.1991022255428088e-08, 'alignment': 0.00750794253932933, 'ntk_condition_final': 2.4183002e+19, 'width': 64, 'learning_rate': 0.01, 'init_scale': 10.0}
Computing NTK for 20 samples...
Computing NTK for 20 samples...
Step None: {'ntk_stability': 0.8318039686225579, 'agop_magnitude': -5.547917810919123e-14, 'alignment': nan, 'ntk_condition_final': 163269250.0, 'width': 64, 'learning_rate': 0.1, 'init_scale': 0.1}
Computing NTK for 20 samples...
Computing NTK for 20 samples...
Step None: {'ntk_stability': 0.6777716329187092, 'agop_magnitude': 7.457856489485881e-14, 'alignment': nan, 'ntk_condition_final': 163269250.0, 'width': 64, 'learning_rate': 0.1, 'init_scale': 1.0}
Computing NTK for 20 samples...
Computing NTK for 20 samples...
Step None: {'ntk_stability': 0.9670080026663033, 'agop_magnitude': 6.639311496414724e-14, 'alignment': nan, 'ntk_condition_final': 163269250.0, 'width': 64, 'learning_rate': 0.1, 'init_scale': 10.0}
Computing NTK for 20 samples...
Computing NTK for 20 samples...
Step None: {'ntk_stability': 0.9776423886646423, 'agop_magnitude': 2.7738585361979804e-09, 'alignment': 0.0058656377045230735, 'ntk_condition_final': 639.198, 'width': 128, 'learning_rate': 0.0001, 'init_scale': 0.1}
Computing NTK for 20 samples...
Computing NTK for 20 samples...
Step None: {'ntk_stability': 0.9990181825151124, 'agop_magnitude': 2.664253795359173e-09, 'alignment': 0.013050533675899109, 'ntk_condition_final': 229.98903, 'width': 128, 'learning_rate': 0.0001, 'init_scale': 1.0}
Computing NTK for 20 samples...
Computing NTK for 20 samples...
Step None: {'ntk_stability': 0.9980493670479901, 'agop_magnitude': 0.0009089932814632107, 'alignment': 0.03511549791114198, 'ntk_condition_final': 46.62296, 'width': 128, 'learning_rate': 0.0001, 'init_scale': 10.0}
Computing NTK for 20 samples...
Computing NTK for 20 samples...
Step None: {'ntk_stability': 0.9478806010847777, 'agop_magnitude': 4.596283615043722e-09, 'alignment': 0.009097325719065137, 'ntk_condition_final': 147.87567, 'width': 128, 'learning_rate': 0.001, 'init_scale': 0.1}
Computing NTK for 20 samples...
Computing NTK for 20 samples...
Step None: {'ntk_stability': 0.9447547069671505, 'agop_magnitude': 2.404895373953019e-10, 'alignment': 0.01748183121283849, 'ntk_condition_final': 62.428856, 'width': 128, 'learning_rate': 0.001, 'init_scale': 1.0}
Computing NTK for 20 samples...
Computing NTK for 20 samples...
Step None: {'ntk_stability': 0.9964543680413581, 'agop_magnitude': 0.00035144178387405136, 'alignment': 0.02536176352037324, 'ntk_condition_final': 68.46968, 'width': 128, 'learning_rate': 0.001, 'init_scale': 10.0}
Computing NTK for 20 samples...
Computing NTK for 20 samples...
Step None: {'ntk_stability': 0.9596514072697382, 'agop_magnitude': 6.816127489095368e-09, 'alignment': 0.005794211129088783, 'ntk_condition_final': 7124.901, 'width': 128, 'learning_rate': 0.01, 'init_scale': 0.1}
Computing NTK for 20 samples...
Computing NTK for 20 samples...
Step None: {'ntk_stability': 0.9951872819795615, 'agop_magnitude': 2.0514287280001885e-10, 'alignment': 0.008112540856624642, 'ntk_condition_final': 14640.901, 'width': 128, 'learning_rate': 0.01, 'init_scale': 1.0}
Computing NTK for 20 samples...
Computing NTK for 20 samples...
Step None: {'ntk_stability': 0.9348910006414908, 'agop_magnitude': 3.399671370353019e-06, 'alignment': 0.018870815634727478, 'ntk_condition_final': 49.0463, 'width': 128, 'learning_rate': 0.01, 'init_scale': 10.0}
Computing NTK for 20 samples...
Computing NTK for 20 samples...
Step None: {'ntk_stability': 0.9397424227050076, 'agop_magnitude': 1.90993881409203e-14, 'alignment': nan, 'ntk_condition_final': 163269250.0, 'width': 128, 'learning_rate': 0.1, 'init_scale': 0.1}
Computing NTK for 20 samples...
Computing NTK for 20 samples...
Step None: {'ntk_stability': 0.8710538680983638, 'agop_magnitude': -2.91038298062124e-14, 'alignment': nan, 'ntk_condition_final': 163269250.0, 'width': 128, 'learning_rate': 0.1, 'init_scale': 1.0}
Computing NTK for 20 samples...
Computing NTK for 20 samples...
Step None: {'ntk_stability': 0.692597147256235, 'agop_magnitude': 3.026147949846542e-11, 'alignment': nan, 'ntk_condition_final': 163269250.0, 'width': 128, 'learning_rate': 0.1, 'init_scale': 10.0}
Computing NTK for 20 samples...
Computing NTK for 20 samples...
Step None: {'ntk_stability': 0.9863447197127833, 'agop_magnitude': 8.953010295354298e-10, 'alignment': 0.006881752051413059, 'ntk_condition_final': 1131.752, 'width': 256, 'learning_rate': 0.0001, 'init_scale': 0.1}
Computing NTK for 20 samples...
Computing NTK for 20 samples...
Step None: {'ntk_stability': 0.9978494529306702, 'agop_magnitude': 1.9266590006728306e-10, 'alignment': 0.018720616172585223, 'ntk_condition_final': 146.23802, 'width': 256, 'learning_rate': 0.0001, 'init_scale': 1.0}
Computing NTK for 20 samples...
Computing NTK for 20 samples...
Step None: {'ntk_stability': 0.9994066411017569, 'agop_magnitude': 0.0002484217337721972, 'alignment': 0.0419399111221234, 'ntk_condition_final': 43.640255, 'width': 256, 'learning_rate': 0.0001, 'init_scale': 10.0}
Computing NTK for 20 samples...
Computing NTK for 20 samples...
Step None: {'ntk_stability': 0.9310226266855819, 'agop_magnitude': 3.934941499084187e-09, 'alignment': 0.008857672141554454, 'ntk_condition_final': 186.97844, 'width': 256, 'learning_rate': 0.001, 'init_scale': 0.1}
Computing NTK for 20 samples...
Computing NTK for 20 samples...
Step None: {'ntk_stability': 0.882021701181951, 'agop_magnitude': 2.348616809922025e-10, 'alignment': 0.018156363835765257, 'ntk_condition_final': 60.269382, 'width': 256, 'learning_rate': 0.001, 'init_scale': 1.0}
Computing NTK for 20 samples...
Computing NTK for 20 samples...
Step None: {'ntk_stability': 0.9925949767088385, 'agop_magnitude': 6.33303070220137e-05, 'alignment': 0.03538740871267186, 'ntk_condition_final': 26.523092, 'width': 256, 'learning_rate': 0.001, 'init_scale': 10.0}
Computing NTK for 20 samples...
Computing NTK for 20 samples...
Step None: {'ntk_stability': 0.8544258469379499, 'agop_magnitude': 4.2260258426027125e-10, 'alignment': 0.005729923956096172, 'ntk_condition_final': 12954.774, 'width': 256, 'learning_rate': 0.01, 'init_scale': 0.1}
Computing NTK for 20 samples...
Computing NTK for 20 samples...
Step None: {'ntk_stability': 0.981012848095839, 'agop_magnitude': 1.7137685312559843e-11, 'alignment': 0.008651881944388151, 'ntk_condition_final': 873.7195, 'width': 256, 'learning_rate': 0.01, 'init_scale': 1.0}
Computing NTK for 20 samples...
Computing NTK for 20 samples...
Step None: {'ntk_stability': 0.8462045296759689, 'agop_magnitude': 7.068895883968196e-07, 'alignment': 0.020148669369518757, 'ntk_condition_final': 47.501835, 'width': 256, 'learning_rate': 0.01, 'init_scale': 10.0}
Computing NTK for 20 samples...
Computing NTK for 20 samples...
Step None: {'ntk_stability': 0.7474422498079505, 'agop_magnitude': 5.263445124084436e-11, 'alignment': nan, 'ntk_condition_final': 275887160000000.0, 'width': 256, 'learning_rate': 0.1, 'init_scale': 0.1}
Computing NTK for 20 samples...
Computing NTK for 20 samples...
Step None: {'ntk_stability': 0.7762119026280303, 'agop_magnitude': -1.818989430650911e-14, 'alignment': nan, 'ntk_condition_final': 163269250.0, 'width': 256, 'learning_rate': 0.1, 'init_scale': 1.0}
Computing NTK for 20 samples...
Computing NTK for 20 samples...
Step None: {'ntk_stability': 0.5086500778633131, 'agop_magnitude': 5.855334908041544e-10, 'alignment': 0.002397730203584716, 'ntk_condition_final': 1.8981939e+16, 'width': 256, 'learning_rate': 0.1, 'init_scale': 10.0}
Computing NTK for 20 samples...
Computing NTK for 20 samples...
Step None: {'ntk_stability': 0.9295021319209443, 'agop_magnitude': 1.5257237084565097e-09, 'alignment': 0.004853178824608524, 'ntk_condition_final': 382.0631, 'width': 512, 'learning_rate': 0.0001, 'init_scale': 0.1}
Computing NTK for 20 samples...
Computing NTK for 20 samples...
Step None: {'ntk_stability': 0.9946144640289355, 'agop_magnitude': 1.469175689994307e-10, 'alignment': 0.018320789146754477, 'ntk_condition_final': 107.924706, 'width': 512, 'learning_rate': 0.0001, 'init_scale': 1.0}
Computing NTK for 20 samples...
Computing NTK for 20 samples...
Step None: {'ntk_stability': 0.9999430376213255, 'agop_magnitude': 5.493722486582442e-05, 'alignment': 0.05408970680501726, 'ntk_condition_final': 53.31081, 'width': 512, 'learning_rate': 0.0001, 'init_scale': 10.0}
Computing NTK for 20 samples...
Computing NTK for 20 samples...
Step None: {'ntk_stability': 0.8248341787885528, 'agop_magnitude': 6.608106242201067e-10, 'alignment': 0.01101659486691157, 'ntk_condition_final': 112.41282, 'width': 512, 'learning_rate': 0.001, 'init_scale': 0.1}
Computing NTK for 20 samples...
Computing NTK for 20 samples...
Step None: {'ntk_stability': 0.825048479296957, 'agop_magnitude': 3.318236511258194e-11, 'alignment': 0.02105796958009402, 'ntk_condition_final': 119.024895, 'width': 512, 'learning_rate': 0.001, 'init_scale': 1.0}
Computing NTK for 20 samples...
Computing NTK for 20 samples...
Step None: {'ntk_stability': 0.9816271526740897, 'agop_magnitude': 1.2848468866066831e-05, 'alignment': 0.04450136609375477, 'ntk_condition_final': 20.695211, 'width': 512, 'learning_rate': 0.001, 'init_scale': 10.0}
Computing NTK for 20 samples...
Computing NTK for 20 samples...
Step None: {'ntk_stability': 0.9843564601363046, 'agop_magnitude': 2.2602136601194044e-10, 'alignment': 0.008113007966635956, 'ntk_condition_final': 2459.5044, 'width': 512, 'learning_rate': 0.01, 'init_scale': 0.1}
Computing NTK for 20 samples...
Computing NTK for 20 samples...
Step None: {'ntk_stability': 0.9476077224800655, 'agop_magnitude': 1.4065279114982546e-11, 'alignment': 0.011319294235565595, 'ntk_condition_final': 358.5699, 'width': 512, 'learning_rate': 0.01, 'init_scale': 1.0}
Computing NTK for 20 samples...
Computing NTK for 20 samples...
Step None: {'ntk_stability': 0.9106920834894895, 'agop_magnitude': 4.3946280671447456e-08, 'alignment': 0.02104315823978848, 'ntk_condition_final': 54.29524, 'width': 512, 'learning_rate': 0.01, 'init_scale': 10.0}
Computing NTK for 20 samples...
Computing NTK for 20 samples...
Step None: {'ntk_stability': 0.5227904172718263, 'agop_magnitude': -6.730260879855843e-14, 'alignment': nan, 'ntk_condition_final': 163269250.0, 'width': 512, 'learning_rate': 0.1, 'init_scale': 0.1}
Computing NTK for 20 samples...
Computing NTK for 20 samples...
Step None: {'ntk_stability': 0.7277362866184924, 'agop_magnitude': 5.2750691184946796e-14, 'alignment': nan, 'ntk_condition_final': 163269250.0, 'width': 512, 'learning_rate': 0.1, 'init_scale': 1.0}
Computing NTK for 20 samples...
Computing NTK for 20 samples...
Step None: {'ntk_stability': 0.5944056483848135, 'agop_magnitude': 8.350091662491684e-11, 'alignment': nan, 'ntk_condition_final': 281373340000000.0, 'width': 512, 'learning_rate': 0.1, 'init_scale': 10.0}
Phase diagram experiment completed
Results saved to experiments/universal_geometry_phase_diagram_20250828_091340/results.json
All experiments completed. Results saved to experiments/universal_geometry_phase_diagram_20250828_091340
